// Jest Snapshot v1, https://goo.gl/fbAQLP

exports[`<FormSignup /> should render the form 1`] = `
.c2 {
  display: -webkit-box;
  display: -webkit-flex;
  display: -ms-flexbox;
  display: flex;
  -webkit-flex-direction: column;
  -ms-flex-direction: column;
  flex-direction: column;
  height: 8rem;
  -webkit-box-pack: space-around;
  -webkit-justify-content: space-around;
  -ms-flex-pack: space-around;
  justify-content: space-around;
  width: 28rem;
}

.c4 {
  font-size: 1.8rem;
}

.c5 {
  width: 100%;
  height: 4.5rem;
  padding: 1rem;
  border: 2px solid #bdbdbd;
  border-radius: 1.2rem;
}

.c5:focus-within {
  box-shadow: 0 0 0.8rem #f9a109;
}

.c5:focus-within .c3 {
  color: #f9a109;
}

.c6 {
  border: none;
  width: 100%;
  height: 100%;
  background-color: inherit;
  font-size: 1.8rem;
}

.c6:focus {
  outline: none;
}

.c7 {
  cursor: pointer;
  font-weight: 600;
  background-color: #f9a109;
  color: white;
  font-size: 2rem;
  border: none;
  border-radius: 12px;
  width: 8.7rem;
  display: -webkit-box;
  display: -webkit-flex;
  display: -ms-flexbox;
  display: flex;
  -webkit-box-pack: center;
  -webkit-justify-content: center;
  -ms-flex-pack: center;
  justify-content: center;
  -webkit-align-items: center;
  -webkit-box-align: center;
  -ms-flex-align: center;
  align-items: center;
  height: 5rem;
  width: 100%;
}

.c0 .c1 {
  margin-bottom: 0.5rem;
}

.c0 form {
  width: 100%;
  display: -webkit-box;
  display: -webkit-flex;
  display: -ms-flexbox;
  display: flex;
  -webkit-flex-direction: column;
  -ms-flex-direction: column;
  flex-direction: column;
  -webkit-align-items: center;
  -webkit-box-align: center;
  -ms-flex-align: center;
  align-items: center;
}

.c0 h1 {
  font-size: 2.4rem;
}

<body>
  <div>
    <div
      class="c0"
    >
      <form>
        <h1>
          Signup
        </h1>
        <div
          class="c1 c2"
        >
          <label
            class="c3 c4"
            for="first_name"
          >
            First Name
          </label>
          <div
            class="c5"
          >
            <input
              class="c6"
              id="first_name"
              name="first_name"
              placeholder="First Name"
              required=""
              type="text"
              value=""
            />
          </div>
        </div>
        <div
          class="c1 c2"
        >
          <label
            class="c3 c4"
            for="last_name"
          >
            Last name
          </label>
          <div
            class="c5"
          >
            <input
              class="c6"
              id="last_name"
              name="last_name"
              placeholder="Last Name"
              required=""
              type="text"
              value=""
            />
          </div>
        </div>
        <div
          class="c1 c2"
        >
          <label
            class="c3 c4"
            for="email"
          >
            Email
          </label>
          <div
            class="c5"
          >
            <input
              class="c6"
              id="email"
              name="email"
              placeholder="Email"
              required=""
              type="email"
              value=""
            />
          </div>
        </div>
        <div
          class="c1 c2"
        >
          <label
            class="c3 c4"
            for="password"
          >
            Password
          </label>
          <div
            class="c5"
          >
            <input
              class="c6"
              id="password"
              name="password"
              placeholder="Password"
              required=""
              type="password"
              value=""
            />
          </div>
        </div>
        <button
          class="c7"
          type="submit"
        >
          <span>
            Signup now
          </span>
        </button>
      </form>
    </div>
  </div>
</body>
`;
